Collecting activations:  33%|███▎      | 1/3 [00:01<00:02,  1.29s/it]
Collecting activations:  67%|██████▋   | 2/3 [00:02<00:01,  1.28s/it]
Collecting activations: 100%|██████████| 3/3 [00:03<00:00,  1.29s/it]
Collecting activations: 100%|██████████| 3/3 [00:03<00:00,  1.29s/it]
Saved 750 test datapoints to sft_training_data/classification_engels_wikidata_isjournalist_model_Qwen3-4B_n_250_save_acts_True_test_1d9a2dbe7691.pt
Loaded 750 datapoints from sft_training_data/classification_engels_wikidata_isjournalist_model_Qwen3-4B_n_250_save_acts_True_test_1d9a2dbe7691.pt
📦 Loading tokenizer...

Collecting activations:  33%|███▎      | 1/3 [00:01<00:03,  1.56s/it]
Collecting activations:  67%|██████▋   | 2/3 [00:03<00:01,  1.55s/it]
Collecting activations: 100%|██████████| 3/3 [00:04<00:00,  1.48s/it]
Collecting activations: 100%|██████████| 3/3 [00:04<00:00,  1.50s/it]
Saved 750 test datapoints to sft_training_data/classification_engels_wikidata_isathlete_model_Qwen3-4B_n_250_save_acts_True_test_8a65b9162b13.pt
Loaded 750 datapoints from sft_training_data/classification_engels_wikidata_isathlete_model_Qwen3-4B_n_250_save_acts_True_test_8a65b9162b13.pt
📦 Loading tokenizer...

Collecting activations:  33%|███▎      | 1/3 [00:01<00:03,  1.67s/it]
Collecting activations:  67%|██████▋   | 2/3 [00:03<00:01,  1.60s/it]
Collecting activations: 100%|██████████| 3/3 [00:04<00:00,  1.51s/it]
Collecting activations: 100%|██████████| 3/3 [00:04<00:00,  1.54s/it]
Saved 750 test datapoints to sft_training_data/classification_engels_wikidata_ispolitician_model_Qwen3-4B_n_250_save_acts_True_test_8881fe7cad89.pt
Loaded 750 datapoints from sft_training_data/classification_engels_wikidata_ispolitician_model_Qwen3-4B_n_250_save_acts_True_test_8881fe7cad89.pt
📦 Loading tokenizer...

Collecting activations:  33%|███▎      | 1/3 [00:01<00:03,  1.56s/it]
Collecting activations:  67%|██████▋   | 2/3 [00:03<00:01,  1.56s/it]
Collecting activations: 100%|██████████| 3/3 [00:04<00:00,  1.50s/it]
Collecting activations: 100%|██████████| 3/3 [00:04<00:00,  1.52s/it]
Saved 750 test datapoints to sft_training_data/classification_engels_wikidata_issinger_model_Qwen3-4B_n_250_save_acts_True_test_78b424a6fb85.pt
Loaded 750 datapoints from sft_training_data/classification_engels_wikidata_issinger_model_Qwen3-4B_n_250_save_acts_True_test_78b424a6fb85.pt
📦 Loading tokenizer...

Collecting activations:  33%|███▎      | 1/3 [00:01<00:02,  1.49s/it]
Collecting activations:  67%|██████▋   | 2/3 [00:03<00:01,  1.56s/it]
Collecting activations: 100%|██████████| 3/3 [00:04<00:00,  1.54s/it]
Collecting activations: 100%|██████████| 3/3 [00:04<00:00,  1.54s/it]
Saved 750 test datapoints to sft_training_data/classification_engels_wikidata_isresearcher_model_Qwen3-4B_n_250_save_acts_True_test_cec4e56eab2e.pt
Loaded 750 datapoints from sft_training_data/classification_engels_wikidata_isresearcher_model_Qwen3-4B_n_250_save_acts_True_test_cec4e56eab2e.pt
Loaded datasets: ['geometry_of_truth', 'relations', 'sst2', 'md_gender', 'snli', 'ag_news', 'ner', 'tense', 'language_identification', 'singular_plural', 'engels_headline_istrump', 'engels_headline_isobama', 'engels_headline_ischina', 'engels_hist_fig_ismale', 'engels_news_class_politics', 'engels_wikidata_isjournalist', 'engels_wikidata_isathlete', 'engels_wikidata_ispolitician', 'engels_wikidata_issinger', 'engels_wikidata_isresearcher']




















Saved results to experiments/classification/classification_Qwen3-4B_single_token_25-50-75/classification_results_lora_base_model.json
